Running SLURM prolog script on cotton02
===============================================================================
Job started on Wed Aug 12 09:53:54 BST 2026
Job ID          : 1381319
Job name        : TRAIN_CLASSIFIERS
WorkDir         : /iridisfs/home/jh4n23/vehicle/pdt-experiments
Command         : /iridisfs/home/jh4n23/vehicle/pdt-experiments/job.slurm
Partition       : l4
Num hosts       : 1
Num cores       : 12
Num of tasks    : 1
Hosts allocated : cotton02
Job Output Follows ...
===============================================================================
BaseClassifier:
	Benign accuracy: 96.0%
	Constraint security: 70.2%
RobustClassifier:
	Benign accuracy: 95.5%
	Constraint security: 92.9%
PdtClassifier:
	Benign accuracy: 94.3%
	Constraint security: 47.9%
RobustPdtClassifier:
	Benign accuracy: 96.3%
	Constraint security: 93.2%
BaseClassifier:  OK
RobustClassifier:  OK
PdtClassifier:  OK
RobustPdtClassifier:  OK
==============================================================================
Running epilogue script on cotton02.

Submit time  : 2026-08-12T09:53:02
Start time   : 2026-08-12T09:53:54
End time     : 2026-08-12T13:53:47
Elapsed time : 03:59:53 (Timelimit=05:30:00)

Job ID: 1381319
Cluster: iridis_x
User/Group: jh4n23/fp
State: COMPLETED (exit code 0)
Nodes: 1
Cores per node: 12
CPU Utilized: 17:44:57
CPU Efficiency: 37.00% of 1-23:58:36 core-walltime
Job Wall-clock time: 03:59:53
Memory Utilized: 5.60 GB
Memory Efficiency: 3.30% of 169.92 GB (14.16 GB/core)

