Running SLURM prolog script on cotton02
===============================================================================
Job started on Tue Aug 11 13:45:21 BST 2026
Job ID          : 1377711
Job name        : TRAIN_CLASSIFIERS
WorkDir         : /iridisfs/home/jh4n23/vehicle/pdt-experiments
Command         : /iridisfs/home/jh4n23/vehicle/pdt-experiments/job.slurm
Partition       : l4
Num hosts       : 1
Num cores       : 12
Num of tasks    : 1
Hosts allocated : cotton02
Job Output Follows ...
===============================================================================
BaseClassifier:
	Benign accuracy: 87.6%
	Constraint security: 83.9%
RobustClassifier:
	Benign accuracy: 87.4%
	Constraint security: 82.7%
PdtClassifier:
	Benign accuracy: 87.2%
	Constraint security: 83.1%
RobustPdtClassifier:
	Benign accuracy: 87.8%
	Constraint security: 83.3%
BaseClassifier:  OK
RobustClassifier:  OK
PdtClassifier:  OK
RobustPdtClassifier:  OK
==============================================================================
Running epilogue script on cotton02.

Submit time  : 2026-08-11T13:44:21
Start time   : 2026-08-11T13:45:21
End time     : 2026-08-11T14:18:22
Elapsed time : 00:33:01 (Timelimit=02:30:00)

Job ID: 1377711
Cluster: iridis_x
User/Group: jh4n23/fp
State: COMPLETED (exit code 0)
Nodes: 1
Cores per node: 12
CPU Utilized: 02:48:22
CPU Efficiency: 42.50% of 06:36:12 core-walltime
Job Wall-clock time: 00:33:01
Memory Utilized: 5.57 GB
Memory Efficiency: 3.28% of 169.92 GB (14.16 GB/core)

