Running SLURM prolog script on cotton02
===============================================================================
Job started on Wed Aug 12 09:29:52 BST 2026
Job ID          : 1381242
Job name        : TRAIN_CLASSIFIERS
WorkDir         : /iridisfs/home/jh4n23/vehicle/pdt-experiments
Command         : /iridisfs/home/jh4n23/vehicle/pdt-experiments/job.slurm
Partition       : l4
Num hosts       : 1
Num cores       : 12
Num of tasks    : 1
Hosts allocated : cotton02
Job Output Follows ...
===============================================================================
BaseClassifier:
	Benign accuracy: 21.3%
	Constraint security: 17.5%
RobustClassifier:
	Benign accuracy: 57.2%
	Constraint security: 55.2%
PdtClassifier:
	Benign accuracy: 36.8%
	Constraint security: 38.5%
RobustPdtClassifier:
	Benign accuracy: 51.9%
	Constraint security: 44.1%
BaseClassifier:  OK
RobustClassifier:  OK
PdtClassifier:  OK
RobustPdtClassifier:  OK
==============================================================================
Running epilogue script on cotton02.

Submit time  : 2026-08-12T09:29:14
Start time   : 2026-08-12T09:29:52
End time     : 2026-08-12T09:36:03
Elapsed time : 00:06:11 (Timelimit=03:30:00)

Job ID: 1381242
Cluster: iridis_x
User/Group: jh4n23/fp
State: COMPLETED (exit code 0)
Nodes: 1
Cores per node: 12
CPU Utilized: 00:41:58
CPU Efficiency: 56.56% of 01:14:12 core-walltime
Job Wall-clock time: 00:06:11
Memory Utilized: 5.44 GB
Memory Efficiency: 3.20% of 169.92 GB (14.16 GB/core)

