Running SLURM prolog script on cotton01
===============================================================================
Job started on Mon Aug 10 12:46:22 BST 2026
Job ID          : 1370791
Job name        : TRAIN_CLASSIFIERS
WorkDir         : /iridisfs/home/jh4n23/vehicle/pdt-experiments
Command         : /iridisfs/home/jh4n23/vehicle/pdt-experiments/job.slurm
Partition       : l4
Num hosts       : 1
Num cores       : 12
Num of tasks    : 1
Hosts allocated : cotton01
Job Output Follows ...
===============================================================================
BaseClassifier:
	Benign accuracy: 93.4%
	Constraint security: 86.0%
RobustClassifier:
	Benign accuracy: 93.8%
	Constraint security: 90.0%
PdtClassifier:
	Benign accuracy: 92.7%
	Constraint security: 88.3%
RobustPdtClassifier:
	Benign accuracy: 94.0%
	Constraint security: 90.6%
BaseClassifier:  OK
RobustClassifier:  OK
PdtClassifier:  OK
RobustPdtClassifier:  OK
==============================================================================
Running epilogue script on cotton01.

Submit time  : 2026-08-10T12:45:27
Start time   : 2026-08-10T12:46:22
End time     : 2026-08-10T14:37:54
Elapsed time : 01:51:32 (Timelimit=02:30:00)

Job ID: 1370791
Cluster: iridis_x
User/Group: jh4n23/fp
State: COMPLETED (exit code 0)
Nodes: 1
Cores per node: 12
CPU Utilized: 08:28:33
CPU Efficiency: 38.00% of 22:18:24 core-walltime
Job Wall-clock time: 01:51:32
Memory Utilized: 5.71 GB
Memory Efficiency: 3.36% of 169.92 GB (14.16 GB/core)

