Running SLURM prolog script on cotton01
===============================================================================
Job started on Fri Aug 14 11:19:26 BST 2026
Job ID          : 1387211
Job name        : bcls_4096_fixed_eps
WorkDir         : /iridisfs/home/jh4n23/vehicle/pdt-experiments
Command         : /iridisfs/home/jh4n23/vehicle/pdt-experiments/job.slurm
Partition       : l4
Num hosts       : 1
Num cores       : 12
Num of tasks    : 1
Hosts allocated : cotton01
Job Output Follows ...
===============================================================================
num_cpus: 12
BaseClassifier:
	Benign accuracy: 89.1%
	Constraint security: 4.6%
Saved BaseClassifier to onnx_models/BaseClassifier
BaseClassifier:  OK
==============================================================================
Running epilogue script on cotton01.

Submit time  : 2026-08-14T11:18:30
Start time   : 2026-08-14T11:19:26
End time     : 2026-08-14T11:20:44
Elapsed time : 00:01:18 (Timelimit=05:30:00)

Job ID: 1387211
Cluster: iridis_x
User/Group: jh4n23/fp
State: COMPLETED (exit code 0)
Nodes: 1
Cores per node: 12
CPU Utilized: 00:10:27
CPU Efficiency: 66.99% of 00:15:36 core-walltime
Job Wall-clock time: 00:01:18
Memory Utilized: 1.68 GB
Memory Efficiency: 0.99% of 169.92 GB (14.16 GB/core)

