Running SLURM prolog script on cotton01
===============================================================================
Job started on Thu Aug 13 16:30:27 BST 2026
Job ID          : 1385940
Job name        : TRAIN_CLASSIFIERS
WorkDir         : /iridisfs/home/jh4n23/vehicle/pdt-experiments
Command         : /iridisfs/home/jh4n23/vehicle/pdt-experiments/job.slurm
Partition       : l4
Num hosts       : 1
Num cores       : 12
Num of tasks    : 1
Hosts allocated : cotton01
Job Output Follows ...
===============================================================================
num_cpus: 12
BaseClassifier:
	Benign accuracy: 82.3%
	Constraint security: 27.1%
Saved BaseClassifier to onnx_models/BaseClassifier
BaseClassifier:  OK
==============================================================================
Running epilogue script on cotton01.

Submit time  : 2026-08-13T16:29:47
Start time   : 2026-08-13T16:30:27
End time     : 2026-08-13T16:32:03
Elapsed time : 00:01:36 (Timelimit=05:30:00)

Job ID: 1385940
Cluster: iridis_x
User/Group: jh4n23/fp
State: COMPLETED (exit code 0)
Nodes: 1
Cores per node: 12
CPU Utilized: 00:14:56
CPU Efficiency: 77.78% of 00:19:12 core-walltime
Job Wall-clock time: 00:01:36
Memory Utilized: 1.70 GB
Memory Efficiency: 1.00% of 169.92 GB (14.16 GB/core)

