Running SLURM prolog script on cotton01
===============================================================================
Job started on Fri Aug 14 14:06:28 BST 2026
Job ID          : 1387693
Job name        : pdt_cls_4096_fixed_eps
WorkDir         : /iridisfs/home/jh4n23/vehicle/pdt-experiments
Command         : /iridisfs/home/jh4n23/vehicle/pdt-experiments/job.slurm
Partition       : l4
Num hosts       : 1
Num cores       : 12
Num of tasks    : 1
Hosts allocated : cotton01
Job Output Follows ...
===============================================================================
BaseClassifier:
	Benign accuracy: 90.0%
	Constraint security: 3.5%
RobustClassifier:
	Benign accuracy: 89.2%
	Constraint security: 4.9%
PdtClassifier:
	Benign accuracy: 88.9%
	Constraint security: 5.1%
RobustPdtClassifier:
	Benign accuracy: 89.0%
	Constraint security: 4.8%
BaseClassifier:  OK
RobustClassifier:  OK
PdtClassifier:  OK
RobustPdtClassifier:  OK
==============================================================================
Running epilogue script on cotton01.

Submit time  : 2026-08-14T14:06:12
Start time   : 2026-08-14T14:06:28
End time     : 2026-08-14T16:03:40
Elapsed time : 01:57:12 (Timelimit=05:30:00)

Job ID: 1387693
Cluster: iridis_x
User/Group: jh4n23/fp
State: COMPLETED (exit code 0)
Nodes: 1
Cores per node: 12
CPU Utilized: 08:41:34
CPU Efficiency: 37.09% of 23:26:24 core-walltime
Job Wall-clock time: 01:57:12
Memory Utilized: 5.52 GB
Memory Efficiency: 3.25% of 169.92 GB (14.16 GB/core)

